Assuming unrestricted shared filesystem usage.
None
host: moxie.uwyo.edu
Building DAG of jobs...
Using shell: /usr/bin/bash
Provided cores: 2
Rules claiming more threads will be scaled down.
Job stats:
job                  count
-----------------  -------
all                      1
diversity_metrics        1
rarefaction_curve        1
total                    3

Select jobs to execute...
Execute 2 jobs...
[Wed Aug 27 17:23:25 2025]
localrule diversity_metrics:
    input: /home/sgomathi/CUSTARD/custard/results/asv_table.tsv, /home/sgomathi/CUSTARD/custard/results/asv_kraken2_taxonomy.tsv, metadata.tsv
    output: /home/sgomathi/CUSTARD/custard/results/diversity/alpha_diversity.tsv, /home/sgomathi/CUSTARD/custard/results/diversity/beta_diversity.tsv, /home/sgomathi/CUSTARD/custard/results/diversity/beta_pcoa.png
    jobid: 4
    reason: Missing output files: /home/sgomathi/CUSTARD/custard/results/diversity/alpha_diversity.tsv, /home/sgomathi/CUSTARD/custard/results/diversity/beta_pcoa.png, /home/sgomathi/CUSTARD/custard/results/diversity/beta_diversity.tsv
    resources: tmpdir=/tmp

[Wed Aug 27 17:23:25 2025]
localrule rarefaction_curve:
    input: /home/sgomathi/CUSTARD/custard/results/asv_table.tsv, metadata.tsv
    output: /home/sgomathi/CUSTARD/custard/results/diversity/rarefaction_curve.png
    jobid: 5
    reason: Missing output files: /home/sgomathi/CUSTARD/custard/results/diversity/rarefaction_curve.png
    resources: tmpdir=/tmp

[Wed Aug 27 17:23:32 2025]
Finished jobid: 4 (Rule: diversity_metrics)
1 of 3 steps (33%) done
[Wed Aug 27 17:23:56 2025]
Finished jobid: 5 (Rule: rarefaction_curve)
2 of 3 steps (67%) done
Select jobs to execute...
Execute 1 jobs...
[Wed Aug 27 17:23:56 2025]
localrule all:
    input: /home/sgomathi/CUSTARD/custard/results/asv_table.tsv, /home/sgomathi/CUSTARD/custard/results/asv_sequences.fasta, /home/sgomathi/CUSTARD/custard/results/asv_kraken2_taxonomy.tsv, /home/sgomathi/CUSTARD/custard/results/asv_predicted_kos.tsv, /home/sgomathi/CUSTARD/custard/results/diversity/alpha_diversity.tsv, /home/sgomathi/CUSTARD/custard/results/diversity/beta_diversity.tsv, /home/sgomathi/CUSTARD/custard/results/diversity/beta_pcoa.png, /home/sgomathi/CUSTARD/custard/results/diversity/rarefaction_curve.png, /home/sgomathi/CUSTARD/custard/results/taxonomy/taxonomy_barplot.png, /home/sgomathi/CUSTARD/custard/results/ko/ko_pca.png
    jobid: 0
    reason: Input files updated by another job: /home/sgomathi/CUSTARD/custard/results/diversity/alpha_diversity.tsv, /home/sgomathi/CUSTARD/custard/results/diversity/beta_diversity.tsv, /home/sgomathi/CUSTARD/custard/results/diversity/rarefaction_curve.png, /home/sgomathi/CUSTARD/custard/results/diversity/beta_pcoa.png
    resources: tmpdir=/tmp

[Wed Aug 27 17:23:56 2025]
Finished jobid: 0 (Rule: all)
3 of 3 steps (100%) done
Complete log(s): /home/sgomathi/CUSTARD/custard/.snakemake/log/2025-08-27T172325.936972.snakemake.log
