Assuming unrestricted shared filesystem usage.
None
host: moxie.uwyo.edu
Building DAG of jobs...
Using shell: /usr/bin/bash
Provided cores: 2
Rules claiming more threads will be scaled down.
Job stats:
job                  count
-----------------  -------
all                      1
ko_pca                   1
rarefaction_curve        1
taxonomy_barplot         1
total                    4

Select jobs to execute...
Execute 2 jobs...
[Wed Aug 27 16:13:22 2025]
localrule taxonomy_barplot:
    input: /home/sgomathi/CUSTARD/custard/results/asv_table.tsv, /home/sgomathi/CUSTARD/custard/results/asv_kraken2_taxonomy.tsv, metadata.tsv
    output: /home/sgomathi/CUSTARD/custard/results/taxonomy/taxonomy_barplot.png
    jobid: 6
    reason: Missing output files: /home/sgomathi/CUSTARD/custard/results/taxonomy/taxonomy_barplot.png
    resources: tmpdir=/tmp

[Wed Aug 27 16:13:22 2025]
localrule rarefaction_curve:
    input: /home/sgomathi/CUSTARD/custard/results/asv_table.tsv, metadata.tsv
    output: /home/sgomathi/CUSTARD/custard/results/diversity/rarefaction_curve.png
    jobid: 5
    reason: Missing output files: /home/sgomathi/CUSTARD/custard/results/diversity/rarefaction_curve.png
    resources: tmpdir=/tmp

RuleException:
CalledProcessError in file "/home/sgomathi/CUSTARD/custard/Snakefile", line 150:
Command 'set -euo pipefail;  /home/sgomathi/miniconda3/envs/custard/bin/python3.12 /home/sgomathi/CUSTARD/custard/.snakemake/scripts/tmpfyu9silj.rarefaction.py' returned non-zero exit status 1.
[Wed Aug 27 16:13:23 2025]
Error in rule rarefaction_curve:
    message: None
    jobid: 5
    input: /home/sgomathi/CUSTARD/custard/results/asv_table.tsv, metadata.tsv
    output: /home/sgomathi/CUSTARD/custard/results/diversity/rarefaction_curve.png
[Wed Aug 27 16:13:27 2025]
Finished jobid: 6 (Rule: taxonomy_barplot)
1 of 4 steps (25%) done
Shutting down, this might take some time.
Exiting because a job execution failed. Look below for error messages
[Wed Aug 27 16:13:27 2025]
Error in rule rarefaction_curve:
    message: None
    jobid: 5
    input: /home/sgomathi/CUSTARD/custard/results/asv_table.tsv, metadata.tsv
    output: /home/sgomathi/CUSTARD/custard/results/diversity/rarefaction_curve.png
Complete log(s): /home/sgomathi/CUSTARD/custard/.snakemake/log/2025-08-27T161322.581497.snakemake.log
WorkflowError:
At least one job did not complete successfully.
