Assuming unrestricted shared filesystem usage.
None
host: moxie.uwyo.edu
Building DAG of jobs...
Using shell: /usr/bin/bash
Provided cores: 20
Rules claiming more threads will be scaled down.
Job stats:
job                 count
----------------  -------
all                     1
kraken2_taxonomy        1
total                   2

Select jobs to execute...
Execute 1 jobs...
[Wed Jul 30 11:21:00 2025]
localrule kraken2_taxonomy:
    input: results/asv_sequences.fasta
    output: results/kraken_output.tsv, results/asv_kraken2_taxonomy.tsv, results/kraken_output_raw.tsv
    jobid: 2
    reason: Missing output files: results/asv_kraken2_taxonomy.tsv
    threads: 20
    resources: tmpdir=/tmp

RuleException:
CalledProcessError in file "/home/sgomathi/CUSTARD/custard_0.4/Snakefile", line 41:
Command 'set -euo pipefail;  
        kraken2 --db /home/sgomathi/CUSTARD/custard/data/db/kraken_amplicon                 --threads 20                 --use-names                 --report results/kraken_output.tsv                 --output results/kraken_output_raw.tsv                 --confidence 0.1                 results/asv_sequences.fasta

        python scripts/parse_kraken2_taxonomy.py results/kraken_output_raw.tsv results/asv_kraken2_taxonomy.tsv /home/sgomathi/CUSTARD/custard/data/db/kraken_amplicon' returned non-zero exit status 2.
[Wed Jul 30 11:21:00 2025]
Error in rule kraken2_taxonomy:
    message: None
    jobid: 2
    input: results/asv_sequences.fasta
    output: results/kraken_output.tsv, results/asv_kraken2_taxonomy.tsv, results/kraken_output_raw.tsv
    shell:
        
        kraken2 --db /home/sgomathi/CUSTARD/custard/data/db/kraken_amplicon                 --threads 20                 --use-names                 --report results/kraken_output.tsv                 --output results/kraken_output_raw.tsv                 --confidence 0.1                 results/asv_sequences.fasta

        python scripts/parse_kraken2_taxonomy.py results/kraken_output_raw.tsv results/asv_kraken2_taxonomy.tsv /home/sgomathi/CUSTARD/custard/data/db/kraken_amplicon
        
        (command exited with non-zero exit code)
Shutting down, this might take some time.
Exiting because a job execution failed. Look below for error messages
[Wed Jul 30 11:21:00 2025]
Error in rule kraken2_taxonomy:
    message: None
    jobid: 2
    input: results/asv_sequences.fasta
    output: results/kraken_output.tsv, results/asv_kraken2_taxonomy.tsv, results/kraken_output_raw.tsv
    shell:
        
        kraken2 --db /home/sgomathi/CUSTARD/custard/data/db/kraken_amplicon                 --threads 20                 --use-names                 --report results/kraken_output.tsv                 --output results/kraken_output_raw.tsv                 --confidence 0.1                 results/asv_sequences.fasta

        python scripts/parse_kraken2_taxonomy.py results/kraken_output_raw.tsv results/asv_kraken2_taxonomy.tsv /home/sgomathi/CUSTARD/custard/data/db/kraken_amplicon
        
        (command exited with non-zero exit code)
Complete log(s): /home/sgomathi/CUSTARD/custard_0.4/.snakemake/log/2025-07-30T112100.342214.snakemake.log
WorkflowError:
At least one job did not complete successfully.
