Assuming unrestricted shared filesystem usage.
None
host: moxie.uwyo.edu
Building DAG of jobs...
Using shell: /usr/bin/bash
Provided cores: 20
Rules claiming more threads will be scaled down.
Job stats:
job                  count
-----------------  -------
all                      1
diversity_metrics        1
infer_kos                1
ko_pca                   1
kraken2_taxonomy         1
rarefaction_curve        1
run_dada2                1
taxonomy_barplot         1
total                    8

Select jobs to execute...
Execute 1 jobs...
[Fri Sep  5 12:36:21 2025]
localrule run_dada2:
    input: /home/sgomathi/CUSTARD/custard/data/fastq
    output: /home/sgomathi/CUSTARD/custard/results/asv_table.tsv, /home/sgomathi/CUSTARD/custard/results/seqtab.rds, /home/sgomathi/CUSTARD/custard/results/asv_sequences.fasta
    jobid: 1
    reason: Missing output files: /home/sgomathi/CUSTARD/custard/results/asv_table.tsv, /home/sgomathi/CUSTARD/custard/results/asv_sequences.fasta
    threads: 20
    resources: tmpdir=/tmp

[Fri Sep  5 12:39:09 2025]
Finished jobid: 1 (Rule: run_dada2)
1 of 8 steps (12%) done
Select jobs to execute...
Execute 1 jobs...
[Fri Sep  5 12:39:09 2025]
localrule kraken2_taxonomy:
    input: /home/sgomathi/CUSTARD/custard/results/asv_sequences.fasta
    output: /home/sgomathi/CUSTARD/custard/results/kraken_output.tsv, /home/sgomathi/CUSTARD/custard/results/asv_kraken2_taxonomy.tsv, /home/sgomathi/CUSTARD/custard/results/kraken_output_raw.tsv
    jobid: 2
    reason: Missing output files: /home/sgomathi/CUSTARD/custard/results/asv_kraken2_taxonomy.tsv; Input files updated by another job: /home/sgomathi/CUSTARD/custard/results/asv_sequences.fasta
    threads: 20
    resources: tmpdir=/tmp

[Fri Sep  5 12:39:10 2025]
Finished jobid: 2 (Rule: kraken2_taxonomy)
2 of 8 steps (25%) done
Select jobs to execute...
Execute 1 jobs...
[Fri Sep  5 12:39:10 2025]
localrule infer_kos:
    input: /home/sgomathi/CUSTARD/custard/results/asv_sequences.fasta, /home/sgomathi/CUSTARD/custard/data/db/kraken2_amplicons.fasta, /home/sgomathi/CUSTARD/custard/data/db/all_genomes_kos.npz, /home/sgomathi/CUSTARD/custard/data/db/all_genomes_kos_genomes.txt, /home/sgomathi/CUSTARD/custard/data/db/all_genomes_kos_kos.txt
    output: /home/sgomathi/CUSTARD/custard/results/asv_predicted_kos.tsv
    jobid: 3
    reason: Missing output files: /home/sgomathi/CUSTARD/custard/results/asv_predicted_kos.tsv; Input files updated by another job: /home/sgomathi/CUSTARD/custard/results/asv_sequences.fasta
    threads: 20
    resources: tmpdir=/tmp

Select jobs to execute...
[Fri Sep  5 12:39:22 2025]
Finished jobid: 3 (Rule: infer_kos)
3 of 8 steps (38%) done
Execute 4 jobs...
[Fri Sep  5 12:39:22 2025]
localrule rarefaction_curve:
    input: /home/sgomathi/CUSTARD/custard/results/asv_table.tsv, metadata.tsv
    output: /home/sgomathi/CUSTARD/custard/results/diversity/rarefaction_curve.png
    jobid: 5
    reason: Missing output files: /home/sgomathi/CUSTARD/custard/results/diversity/rarefaction_curve.png; Input files updated by another job: /home/sgomathi/CUSTARD/custard/results/asv_table.tsv
    resources: tmpdir=/tmp

[Fri Sep  5 12:39:22 2025]
localrule diversity_metrics:
    input: /home/sgomathi/CUSTARD/custard/results/asv_table.tsv, /home/sgomathi/CUSTARD/custard/results/asv_kraken2_taxonomy.tsv, metadata.tsv
    output: /home/sgomathi/CUSTARD/custard/results/diversity/alpha_diversity.tsv, /home/sgomathi/CUSTARD/custard/results/diversity/beta_diversity.tsv, /home/sgomathi/CUSTARD/custard/results/diversity/beta_pcoa.png
    jobid: 4
    reason: Missing output files: /home/sgomathi/CUSTARD/custard/results/diversity/beta_diversity.tsv, /home/sgomathi/CUSTARD/custard/results/diversity/beta_pcoa.png, /home/sgomathi/CUSTARD/custard/results/diversity/alpha_diversity.tsv; Input files updated by another job: /home/sgomathi/CUSTARD/custard/results/asv_kraken2_taxonomy.tsv, /home/sgomathi/CUSTARD/custard/results/asv_table.tsv
    resources: tmpdir=/tmp

[Fri Sep  5 12:39:22 2025]
localrule taxonomy_barplot:
    input: /home/sgomathi/CUSTARD/custard/results/asv_table.tsv, /home/sgomathi/CUSTARD/custard/results/asv_kraken2_taxonomy.tsv, metadata.tsv
    output: /home/sgomathi/CUSTARD/custard/results/taxonomy/taxonomy_barplot.png
    jobid: 6
    reason: Missing output files: /home/sgomathi/CUSTARD/custard/results/taxonomy/taxonomy_barplot.png; Input files updated by another job: /home/sgomathi/CUSTARD/custard/results/asv_kraken2_taxonomy.tsv, /home/sgomathi/CUSTARD/custard/results/asv_table.tsv
    resources: tmpdir=/tmp

[Fri Sep  5 12:39:22 2025]
localrule ko_pca:
    input: /home/sgomathi/CUSTARD/custard/results/asv_table.tsv, /home/sgomathi/CUSTARD/custard/results/asv_predicted_kos.tsv, metadata.tsv
    output: /home/sgomathi/CUSTARD/custard/results/ko/ko_pca.png
    jobid: 7
    reason: Missing output files: /home/sgomathi/CUSTARD/custard/results/ko/ko_pca.png; Input files updated by another job: /home/sgomathi/CUSTARD/custard/results/asv_table.tsv, /home/sgomathi/CUSTARD/custard/results/asv_predicted_kos.tsv
    resources: tmpdir=/tmp

[Fri Sep  5 12:39:23 2025]
Finished jobid: 6 (Rule: taxonomy_barplot)
4 of 8 steps (50%) done
[Fri Sep  5 12:39:23 2025]
Finished jobid: 4 (Rule: diversity_metrics)
5 of 8 steps (62%) done
[Fri Sep  5 12:39:25 2025]
Finished jobid: 7 (Rule: ko_pca)
6 of 8 steps (75%) done
[Fri Sep  5 12:39:26 2025]
Finished jobid: 5 (Rule: rarefaction_curve)
7 of 8 steps (88%) done
Select jobs to execute...
Execute 1 jobs...
[Fri Sep  5 12:39:26 2025]
localrule all:
    input: /home/sgomathi/CUSTARD/custard/results/asv_table.tsv, /home/sgomathi/CUSTARD/custard/results/asv_sequences.fasta, /home/sgomathi/CUSTARD/custard/results/asv_kraken2_taxonomy.tsv, /home/sgomathi/CUSTARD/custard/results/asv_predicted_kos.tsv, /home/sgomathi/CUSTARD/custard/results/diversity/alpha_diversity.tsv, /home/sgomathi/CUSTARD/custard/results/diversity/beta_diversity.tsv, /home/sgomathi/CUSTARD/custard/results/diversity/beta_pcoa.png, /home/sgomathi/CUSTARD/custard/results/diversity/rarefaction_curve.png, /home/sgomathi/CUSTARD/custard/results/taxonomy/taxonomy_barplot.png, /home/sgomathi/CUSTARD/custard/results/ko/ko_pca.png
    jobid: 0
    reason: Input files updated by another job: /home/sgomathi/CUSTARD/custard/results/asv_kraken2_taxonomy.tsv, /home/sgomathi/CUSTARD/custard/results/diversity/rarefaction_curve.png, /home/sgomathi/CUSTARD/custard/results/taxonomy/taxonomy_barplot.png, /home/sgomathi/CUSTARD/custard/results/diversity/beta_pcoa.png, /home/sgomathi/CUSTARD/custard/results/asv_sequences.fasta, /home/sgomathi/CUSTARD/custard/results/asv_predicted_kos.tsv, /home/sgomathi/CUSTARD/custard/results/ko/ko_pca.png, /home/sgomathi/CUSTARD/custard/results/diversity/beta_diversity.tsv, /home/sgomathi/CUSTARD/custard/results/asv_table.tsv, /home/sgomathi/CUSTARD/custard/results/diversity/alpha_diversity.tsv
    resources: tmpdir=/tmp

[Fri Sep  5 12:39:26 2025]
Finished jobid: 0 (Rule: all)
8 of 8 steps (100%) done
Complete log(s): /home/sgomathi/CUSTARD/custard/.snakemake/log/2025-09-05T123621.343853.snakemake.log
