Assuming unrestricted shared filesystem usage.
None
host: moxie.uwyo.edu
Building DAG of jobs...
Using shell: /usr/bin/bash
Provided cores: 20
Rules claiming more threads will be scaled down.
Job stats:
job          count
---------  -------
all              1
run_dada2        1
total            2

Select jobs to execute...
Execute 1 jobs...
[Mon May  5 09:54:28 2025]
localrule run_dada2:
    input: /home/sgomathi/custard/data/fastq, /home/sgomathi/custard/data/db/rpocDB_v2_dada2_clean.fasta
    output: results/asv_table.tsv, results/taxa_assignments.tsv, results/seqtab.rds, results/taxa.rds
    jobid: 1
    reason: Missing output files: results/seqtab.rds, results/asv_table.tsv, results/taxa_assignments.tsv, results/taxa.rds
    threads: 20
    resources: tmpdir=/tmp

RuleException:
CalledProcessError in file "/home/sgomathi/custard/Snakefile", line 23:
Command 'set -euo pipefail;  Rscript --vanilla /home/sgomathi/custard/.snakemake/scripts/tmpw3v8736u.run_dada2.R' returned non-zero exit status 127.
[Mon May  5 09:54:28 2025]
Error in rule run_dada2:
    message: None
    jobid: 1
    input: /home/sgomathi/custard/data/fastq, /home/sgomathi/custard/data/db/rpocDB_v2_dada2_clean.fasta
    output: results/asv_table.tsv, results/taxa_assignments.tsv, results/seqtab.rds, results/taxa.rds
Shutting down, this might take some time.
Exiting because a job execution failed. Look below for error messages
[Mon May  5 09:54:28 2025]
Error in rule run_dada2:
    message: None
    jobid: 1
    input: /home/sgomathi/custard/data/fastq, /home/sgomathi/custard/data/db/rpocDB_v2_dada2_clean.fasta
    output: results/asv_table.tsv, results/taxa_assignments.tsv, results/seqtab.rds, results/taxa.rds
Complete log(s): /home/sgomathi/custard/.snakemake/log/2025-05-05T095428.218690.snakemake.log
WorkflowError:
At least one job did not complete successfully.
