Assuming unrestricted shared filesystem usage.
None
host: moxie.uwyo.edu
Building DAG of jobs...
Using shell: /usr/bin/bash
Provided cores: 2
Rules claiming more threads will be scaled down.
Job stats:
job                  count
-----------------  -------
all                      1
ko_pca                   1
rarefaction_curve        1
total                    3

Select jobs to execute...
Execute 2 jobs...
[Wed Aug 27 16:14:33 2025]
localrule rarefaction_curve:
    input: /home/sgomathi/CUSTARD/custard/results/asv_table.tsv, metadata.tsv
    output: /home/sgomathi/CUSTARD/custard/results/diversity/rarefaction_curve.png
    jobid: 5
    reason: Missing output files: /home/sgomathi/CUSTARD/custard/results/diversity/rarefaction_curve.png
    resources: tmpdir=/tmp

[Wed Aug 27 16:14:33 2025]
localrule ko_pca:
    input: /home/sgomathi/CUSTARD/custard/results/asv_predicted_kos.tsv, metadata.tsv
    output: /home/sgomathi/CUSTARD/custard/results/ko/ko_pca.png
    jobid: 7
    reason: Missing output files: /home/sgomathi/CUSTARD/custard/results/ko/ko_pca.png
    resources: tmpdir=/tmp

RuleException:
CalledProcessError in file "/home/sgomathi/CUSTARD/custard/Snakefile", line 167:
Command 'set -euo pipefail;  /home/sgomathi/miniconda3/envs/custard/bin/python3.12 /home/sgomathi/CUSTARD/custard/.snakemake/scripts/tmplkf6uz2y.ko_pca.py' returned non-zero exit status 1.
[Wed Aug 27 16:14:34 2025]
Error in rule ko_pca:
    message: None
    jobid: 7
    input: /home/sgomathi/CUSTARD/custard/results/asv_predicted_kos.tsv, metadata.tsv
    output: /home/sgomathi/CUSTARD/custard/results/ko/ko_pca.png
[Wed Aug 27 16:14:37 2025]
Finished jobid: 5 (Rule: rarefaction_curve)
1 of 3 steps (33%) done
Shutting down, this might take some time.
Exiting because a job execution failed. Look below for error messages
[Wed Aug 27 16:14:37 2025]
Error in rule ko_pca:
    message: None
    jobid: 7
    input: /home/sgomathi/CUSTARD/custard/results/asv_predicted_kos.tsv, metadata.tsv
    output: /home/sgomathi/CUSTARD/custard/results/ko/ko_pca.png
Complete log(s): /home/sgomathi/CUSTARD/custard/.snakemake/log/2025-08-27T161433.586216.snakemake.log
WorkflowError:
At least one job did not complete successfully.
