Assuming unrestricted shared filesystem usage.
None
host: moxie.uwyo.edu
Building DAG of jobs...
Using shell: /usr/bin/bash
Provided cores: 2
Rules claiming more threads will be scaled down.
Job stats:
job       count
------  -------
all           1
ko_pca        1
total         2

Select jobs to execute...
Execute 1 jobs...
[Wed Aug 27 16:32:41 2025]
localrule ko_pca:
    input: /home/sgomathi/CUSTARD/custard/results/asv_predicted_kos.tsv, metadata.tsv
    output: /home/sgomathi/CUSTARD/custard/results/ko/ko_pca.png
    jobid: 7
    reason: Missing output files: /home/sgomathi/CUSTARD/custard/results/ko/ko_pca.png
    resources: tmpdir=/tmp

RuleException:
CalledProcessError in file "/home/sgomathi/CUSTARD/custard/Snakefile", line 167:
Command 'set -euo pipefail;  /home/sgomathi/miniconda3/envs/custard/bin/python3.12 /home/sgomathi/CUSTARD/custard/.snakemake/scripts/tmp5vt19lu3.ko_pca.py' returned non-zero exit status 1.
[Wed Aug 27 16:32:42 2025]
Error in rule ko_pca:
    message: None
    jobid: 7
    input: /home/sgomathi/CUSTARD/custard/results/asv_predicted_kos.tsv, metadata.tsv
    output: /home/sgomathi/CUSTARD/custard/results/ko/ko_pca.png
Shutting down, this might take some time.
Exiting because a job execution failed. Look below for error messages
[Wed Aug 27 16:32:42 2025]
Error in rule ko_pca:
    message: None
    jobid: 7
    input: /home/sgomathi/CUSTARD/custard/results/asv_predicted_kos.tsv, metadata.tsv
    output: /home/sgomathi/CUSTARD/custard/results/ko/ko_pca.png
Complete log(s): /home/sgomathi/CUSTARD/custard/.snakemake/log/2025-08-27T163241.828731.snakemake.log
WorkflowError:
At least one job did not complete successfully.
