Assuming unrestricted shared filesystem usage.
None
host: moxie.uwyo.edu
Building DAG of jobs...
Using shell: /usr/bin/bash
Provided cores: 20
Rules claiming more threads will be scaled down.
Job stats:
job          count
---------  -------
all              1
run_dada2        1
total            2

Select jobs to execute...
Execute 1 jobs...
[Mon May  5 10:23:42 2025]
localrule run_dada2:
    input: /home/sgomathi/custard/data/fastq, /home/sgomathi/custard/data/db/rpocDB_v2_dada2_clean.fasta
    output: results/asv_table.tsv, results/taxa_assignments.tsv, results/seqtab.rds, results/taxa.rds
    jobid: 1
    reason: Missing output files: results/asv_table.tsv, results/taxa_assignments.tsv, results/taxa.rds, results/seqtab.rds
    threads: 20
    resources: tmpdir=/tmp

[Mon May  5 10:25:07 2025]
Finished jobid: 1 (Rule: run_dada2)
1 of 2 steps (50%) done
Select jobs to execute...
Execute 1 jobs...
[Mon May  5 10:25:07 2025]
localrule all:
    input: results/asv_table.tsv, results/taxa_assignments.tsv, results/seqtab.rds, results/taxa.rds
    jobid: 0
    reason: Input files updated by another job: results/asv_table.tsv, results/taxa_assignments.tsv, results/taxa.rds, results/seqtab.rds
    resources: tmpdir=/tmp

[Mon May  5 10:25:07 2025]
Finished jobid: 0 (Rule: all)
2 of 2 steps (100%) done
Complete log(s): /home/sgomathi/custard/.snakemake/log/2025-05-05T102342.898669.snakemake.log
