Building DAG of jobs...
Using shell: /usr/bin/bash
Provided cores: 20
Rules claiming more threads will be scaled down.
Job stats:
job                 count
----------------  -------
all                     1
kraken2_taxonomy        1
run_dada2               1
total                   3

Select jobs to execute...

[Wed Jul 30 11:12:20 2025]
rule run_dada2:
    input: /home/sgomathi/CUSTARD/custard/data/fastq
    output: results/asv_table.tsv, results/seqtab.rds, results/asv_sequences.fasta
    jobid: 1
    reason: Missing output files: results/asv_table.tsv, results/asv_sequences.fasta
    threads: 20
    resources: tmpdir=/tmp

[Wed Jul 30 11:15:06 2025]
Finished job 1.
1 of 3 steps (33%) done
Select jobs to execute...

[Wed Jul 30 11:15:06 2025]
rule kraken2_taxonomy:
    input: results/asv_sequences.fasta
    output: results/kraken_output.tsv, results/asv_kraken2_taxonomy.tsv, results/kraken_output_raw.tsv
    jobid: 2
    reason: Missing output files: results/asv_kraken2_taxonomy.tsv; Input files updated by another job: results/asv_sequences.fasta; Code has changed since last execution
    threads: 20
    resources: tmpdir=/tmp

[Wed Jul 30 11:15:06 2025]
Error in rule kraken2_taxonomy:
    jobid: 2
    input: results/asv_sequences.fasta
    output: results/kraken_output.tsv, results/asv_kraken2_taxonomy.tsv, results/kraken_output_raw.tsv
    shell:
        
        kraken2 --db /home/sgomathi/CUSTARD/custard/data/db/kraken_amplicon                 --threads 20                 --use-names                 --report results/kraken_output.tsv                 --output results/kraken_output_raw.tsv                 --confidence 0.1                 results/asv_sequences.fasta

        python scripts/parse_kraken2_taxonomy.py results/kraken_output_raw.tsv results/asv_kraken2_taxonomy.tsv /home/sgomathi/CUSTARD/custard/data/db/kraken_amplicon
        
        (one of the commands exited with non-zero exit code; note that snakemake uses bash strict mode!)

Shutting down, this might take some time.
Exiting because a job execution failed. Look above for error message
Complete log: .snakemake/log/2025-07-30T111220.307973.snakemake.log
