Assuming unrestricted shared filesystem usage.
None
host: moxie.uwyo.edu
Building DAG of jobs...
Using shell: /usr/bin/bash
Provided cores: 4
Rules claiming more threads will be scaled down.
Job stats:
job                 count
----------------  -------
all                     1
kraken2_taxonomy        1
run_dada2               1
total                   3

Select jobs to execute...
Execute 1 jobs...
[Fri May 30 13:05:05 2025]
localrule run_dada2:
    input: /home/sgomathi/CUSTARD/custard/data/fastq
    output: results/asv_table.tsv, results/seqtab.rds, results/asv_sequences.fasta
    jobid: 1
    reason: Missing output files: results/asv_sequences.fasta, results/asv_table.tsv
    threads: 4
    resources: tmpdir=/tmp

[Fri May 30 13:08:19 2025]
Finished jobid: 1 (Rule: run_dada2)
1 of 3 steps (33%) done
Select jobs to execute...
Execute 1 jobs...
[Fri May 30 13:08:19 2025]
localrule kraken2_taxonomy:
    input: results/asv_sequences.fasta
    output: results/kraken_output.tsv, results/asv_taxonomy.tsv, results/kraken_output_raw.tsv
    jobid: 2
    reason: Missing output files: results/kraken_output.tsv, results/asv_taxonomy.tsv; Input files updated by another job: results/asv_sequences.fasta; Code has changed since last execution
    threads: 4
    resources: tmpdir=/tmp

[Fri May 30 13:08:20 2025]
Finished jobid: 2 (Rule: kraken2_taxonomy)
2 of 3 steps (67%) done
Select jobs to execute...
Execute 1 jobs...
[Fri May 30 13:08:20 2025]
localrule all:
    input: results/asv_table.tsv, results/asv_sequences.fasta, results/kraken_output.tsv, results/asv_taxonomy.tsv
    jobid: 0
    reason: Input files updated by another job: results/kraken_output.tsv, results/asv_sequences.fasta, results/asv_taxonomy.tsv, results/asv_table.tsv
    resources: tmpdir=/tmp

[Fri May 30 13:08:20 2025]
Finished jobid: 0 (Rule: all)
3 of 3 steps (100%) done
Complete log(s): /home/sgomathi/CUSTARD/custard/.snakemake/log/2025-05-30T130505.836706.snakemake.log
