Assuming unrestricted shared filesystem usage.
None
host: moxie.uwyo.edu
Building DAG of jobs...
Using shell: /usr/bin/bash
Provided cores: 4
Rules claiming more threads will be scaled down.
Job stats:
job               count
--------------  -------
all                   1
dada2_taxonomy        1
run_dada2             1
total                 3

Select jobs to execute...
Execute 1 jobs...
[Fri May 30 14:03:48 2025]
localrule run_dada2:
    input: /home/sgomathi/CUSTARD/custard/data/fastq
    output: results/asv_table.tsv, results/seqtab.rds, results/asv_sequences.fasta
    jobid: 1
    reason: Missing output files: results/asv_table.tsv
    threads: 4
    resources: tmpdir=/tmp

[Fri May 30 14:07:04 2025]
Finished jobid: 1 (Rule: run_dada2)
1 of 3 steps (33%) done
Select jobs to execute...
Execute 1 jobs...
[Fri May 30 14:07:04 2025]
localrule dada2_taxonomy:
    input: results/asv_sequences.fasta, results/seqtab.rds
    output: results/asv_dada2_taxonomy.tsv
    jobid: 2
    reason: Missing output files: results/asv_dada2_taxonomy.tsv; Input files updated by another job: results/asv_sequences.fasta, results/seqtab.rds
    threads: 4
    resources: tmpdir=/tmp

RuleException:
CalledProcessError in file "/home/sgomathi/CUSTARD/custard/Snakefile", line 63:
Command 'set -euo pipefail;  Rscript --vanilla /home/sgomathi/CUSTARD/custard/.snakemake/scripts/tmpd_gj5paq.assign_dada2_taxonomy.R' returned non-zero exit status 1.
[Fri May 30 14:07:08 2025]
Error in rule dada2_taxonomy:
    message: None
    jobid: 2
    input: results/asv_sequences.fasta, results/seqtab.rds
    output: results/asv_dada2_taxonomy.tsv
Shutting down, this might take some time.
Exiting because a job execution failed. Look below for error messages
[Fri May 30 14:07:08 2025]
Error in rule dada2_taxonomy:
    message: None
    jobid: 2
    input: results/asv_sequences.fasta, results/seqtab.rds
    output: results/asv_dada2_taxonomy.tsv
Complete log(s): /home/sgomathi/CUSTARD/custard/.snakemake/log/2025-05-30T140348.897744.snakemake.log
WorkflowError:
At least one job did not complete successfully.
