Assuming unrestricted shared filesystem usage.
None
host: moxie.uwyo.edu
Building DAG of jobs...
Using shell: /usr/bin/bash
Provided cores: 6
Rules claiming more threads will be scaled down.
Job stats:
job          count
---------  -------
all              1
infer_kos        1
total            2

Select jobs to execute...
Execute 1 jobs...
[Tue Aug 26 15:49:03 2025]
localrule infer_kos:
    input: results/asv_sequences.fasta, /home/sgomathi/CUSTARD/custard/data/db/kraken2_amplicons.fasta, /home/sgomathi/CUSTARD/custard/data/db/all_genomes_kos.npz, /home/sgomathi/CUSTARD/custard/data/db/all_genomes_kos_genomes.txt, /home/sgomathi/CUSTARD/custard/data/db/all_genomes_kos_kos.txt
    output: results/asv_predicted_kos.tsv
    jobid: 3
    reason: Missing output files: results/asv_predicted_kos.tsv
    threads: 6
    resources: tmpdir=/tmp

