Assuming unrestricted shared filesystem usage.
None
host: moxie.uwyo.edu
Building DAG of jobs...
Using shell: /usr/bin/bash
Provided cores: 4
Rules claiming more threads will be scaled down.
Job stats:
job          count
---------  -------
all              1
run_dada2        1
total            2

Select jobs to execute...
Execute 1 jobs...
[Fri May 30 11:30:17 2025]
localrule run_dada2:
    input: /home/sgomathi/CUSTARD/custard/data/fastq, /home/sgomathi/CUSTARD/custard/data/db/rpocDB_v2_dada2_clean.fasta
    output: results/asv_table.tsv, results/taxa_assignments.tsv, results/seqtab.rds, results/taxa.rds
    jobid: 1
    reason: Missing output files: results/asv_table.tsv, results/seqtab.rds, results/taxa.rds, results/taxa_assignments.tsv
    threads: 4
    resources: tmpdir=/tmp

Waiting at most 5 seconds for missing files:
results/taxa_assignments.tsv (missing locally)
results/taxa.rds (missing locally)
MissingOutputException in rule run_dada2 in file "/home/sgomathi/CUSTARD/custard/Snakefile", line 12:
Job 1  completed successfully, but some output files are missing. Missing files after 5 seconds. This might be due to filesystem latency. If that is the case, consider to increase the wait time with --latency-wait:
results/taxa_assignments.tsv (missing locally, parent dir contents: seqtab.rds, asv_table.tsv, filtered, asv_sequences.fasta)
results/taxa.rds (missing locally, parent dir contents: seqtab.rds, asv_table.tsv, filtered, asv_sequences.fasta)
Removing output files of failed job run_dada2 since they might be corrupted:
results/asv_table.tsv, results/seqtab.rds
Shutting down, this might take some time.
Exiting because a job execution failed. Look below for error messages
[Fri May 30 11:37:18 2025]
Error in rule run_dada2:
    message: None
    jobid: 1
    input: /home/sgomathi/CUSTARD/custard/data/fastq, /home/sgomathi/CUSTARD/custard/data/db/rpocDB_v2_dada2_clean.fasta
    output: results/asv_table.tsv, results/taxa_assignments.tsv, results/seqtab.rds, results/taxa.rds
Complete log(s): /home/sgomathi/CUSTARD/custard/.snakemake/log/2025-05-30T113017.282233.snakemake.log
WorkflowError:
At least one job did not complete successfully.
