Assuming unrestricted shared filesystem usage.
None
host: moxie.uwyo.edu
Building DAG of jobs...
Using shell: /usr/bin/bash
Provided cores: 20
Rules claiming more threads will be scaled down.
Job stats:
job                 count
----------------  -------
all                     1
kraken2_taxonomy        1
total                   2

Select jobs to execute...
Execute 1 jobs...
[Wed Jul 30 11:22:12 2025]
localrule kraken2_taxonomy:
    input: results/asv_sequences.fasta
    output: results/kraken_output.tsv, results/asv_kraken2_taxonomy.tsv, results/kraken_output_raw.tsv
    jobid: 2
    reason: Missing output files: results/asv_kraken2_taxonomy.tsv
    threads: 20
    resources: tmpdir=/tmp

[Wed Jul 30 11:22:12 2025]
Finished jobid: 2 (Rule: kraken2_taxonomy)
1 of 2 steps (50%) done
Select jobs to execute...
Execute 1 jobs...
[Wed Jul 30 11:22:12 2025]
localrule all:
    input: results/asv_table.tsv, results/asv_sequences.fasta, results/asv_kraken2_taxonomy.tsv
    jobid: 0
    reason: Input files updated by another job: results/asv_kraken2_taxonomy.tsv
    resources: tmpdir=/tmp

[Wed Jul 30 11:22:12 2025]
Finished jobid: 0 (Rule: all)
2 of 2 steps (100%) done
Complete log(s): /home/sgomathi/CUSTARD/custard_0.4/.snakemake/log/2025-07-30T112212.231506.snakemake.log
