Assuming unrestricted shared filesystem usage.
None
host: moxie.uwyo.edu
Building DAG of jobs...
Using shell: /usr/bin/bash
Provided cores: 4
Rules claiming more threads will be scaled down.
Job stats:
job                 count
----------------  -------
all                     1
kraken2_taxonomy        1
run_dada2               1
total                   3

Select jobs to execute...
Execute 1 jobs...
[Fri May 30 13:44:12 2025]
localrule run_dada2:
    input: /home/sgomathi/CUSTARD/custard/data/fastq
    output: results/asv_table.tsv, results/seqtab.rds, results/asv_sequences.fasta
    jobid: 1
    reason: Missing output files: results/asv_table.tsv, results/asv_sequences.fasta
    threads: 4
    resources: tmpdir=/tmp

[Fri May 30 13:47:22 2025]
Finished jobid: 1 (Rule: run_dada2)
1 of 3 steps (33%) done
Select jobs to execute...
Execute 1 jobs...
[Fri May 30 13:47:22 2025]
localrule kraken2_taxonomy:
    input: results/asv_sequences.fasta
    output: results/asv_taxonomy.tsv
    jobid: 2
    reason: Missing output files: results/asv_taxonomy.tsv; Input files updated by another job: results/asv_sequences.fasta
    threads: 4
    resources: tmpdir=/tmp

RuleException:
CalledProcessError in file "/home/sgomathi/CUSTARD/custard/Snakefile", line 39:
Command 'set -euo pipefail;  
        # Run Kraken2 with report and raw output
        kraken2 --db /home/sgomathi/CUSTARD/custard/data/db/kraken_amplicon                 --threads 4                 --use-names                 --report                  --output                  --confidence 0.01                 results/asv_sequences.fasta

        # Parse Kraken2 output using Python script
        python scripts/parse_kraken2_taxonomy.py  results/asv_taxonomy.tsv /home/sgomathi/CUSTARD/custard/data/db/kraken_amplicon' returned non-zero exit status 1.
[Fri May 30 13:47:22 2025]
Error in rule kraken2_taxonomy:
    message: None
    jobid: 2
    input: results/asv_sequences.fasta
    output: results/asv_taxonomy.tsv
    shell:
        
        # Run Kraken2 with report and raw output
        kraken2 --db /home/sgomathi/CUSTARD/custard/data/db/kraken_amplicon                 --threads 4                 --use-names                 --report                  --output                  --confidence 0.01                 results/asv_sequences.fasta

        # Parse Kraken2 output using Python script
        python scripts/parse_kraken2_taxonomy.py  results/asv_taxonomy.tsv /home/sgomathi/CUSTARD/custard/data/db/kraken_amplicon
        
        (command exited with non-zero exit code)
Shutting down, this might take some time.
Exiting because a job execution failed. Look below for error messages
[Fri May 30 13:47:22 2025]
Error in rule kraken2_taxonomy:
    message: None
    jobid: 2
    input: results/asv_sequences.fasta
    output: results/asv_taxonomy.tsv
    shell:
        
        # Run Kraken2 with report and raw output
        kraken2 --db /home/sgomathi/CUSTARD/custard/data/db/kraken_amplicon                 --threads 4                 --use-names                 --report                  --output                  --confidence 0.01                 results/asv_sequences.fasta

        # Parse Kraken2 output using Python script
        python scripts/parse_kraken2_taxonomy.py  results/asv_taxonomy.tsv /home/sgomathi/CUSTARD/custard/data/db/kraken_amplicon
        
        (command exited with non-zero exit code)
Complete log(s): /home/sgomathi/CUSTARD/custard/.snakemake/log/2025-05-30T134412.931347.snakemake.log
WorkflowError:
At least one job did not complete successfully.
