Assuming unrestricted shared filesystem usage.
None
host: moxie.uwyo.edu
Building DAG of jobs...
Using shell: /usr/bin/bash
Provided cores: 2
Rules claiming more threads will be scaled down.
Job stats:
job                  count
-----------------  -------
all                      1
diversity_metrics        1
infer_kos                1
ko_pca                   1
kraken2_taxonomy         1
rarefaction_curve        1
run_dada2                1
taxonomy_barplot         1
total                    8

Select jobs to execute...
Execute 1 jobs...
[Wed Aug 27 16:41:57 2025]
localrule run_dada2:
    input: /home/sgomathi/CUSTARD/custard/data/fastq
    output: /home/sgomathi/CUSTARD/custard/results/asv_table.tsv, /home/sgomathi/CUSTARD/custard/results/seqtab.rds, /home/sgomathi/CUSTARD/custard/results/asv_sequences.fasta
    jobid: 1
    reason: Missing output files: /home/sgomathi/CUSTARD/custard/results/asv_table.tsv, /home/sgomathi/CUSTARD/custard/results/asv_sequences.fasta
    threads: 2
    resources: tmpdir=/tmp

[Wed Aug 27 17:06:00 2025]
Finished jobid: 1 (Rule: run_dada2)
1 of 8 steps (12%) done
Select jobs to execute...
Execute 1 jobs...
[Wed Aug 27 17:06:00 2025]
localrule kraken2_taxonomy:
    input: /home/sgomathi/CUSTARD/custard/results/asv_sequences.fasta
    output: /home/sgomathi/CUSTARD/custard/results/kraken_output.tsv, /home/sgomathi/CUSTARD/custard/results/asv_kraken2_taxonomy.tsv, /home/sgomathi/CUSTARD/custard/results/kraken_output_raw.tsv
    jobid: 2
    reason: Missing output files: /home/sgomathi/CUSTARD/custard/results/asv_kraken2_taxonomy.tsv; Input files updated by another job: /home/sgomathi/CUSTARD/custard/results/asv_sequences.fasta
    threads: 2
    resources: tmpdir=/tmp

Select jobs to execute...
[Wed Aug 27 17:06:01 2025]
Finished jobid: 2 (Rule: kraken2_taxonomy)
2 of 8 steps (25%) done
Execute 2 jobs...
[Wed Aug 27 17:06:01 2025]
localrule diversity_metrics:
    input: /home/sgomathi/CUSTARD/custard/results/asv_table.tsv, /home/sgomathi/CUSTARD/custard/results/asv_kraken2_taxonomy.tsv, metadata.tsv
    output: /home/sgomathi/CUSTARD/custard/results/diversity/alpha_diversity.tsv, /home/sgomathi/CUSTARD/custard/results/diversity/beta_diversity.tsv, /home/sgomathi/CUSTARD/custard/results/diversity/beta_pcoa.png
    jobid: 4
    reason: Missing output files: /home/sgomathi/CUSTARD/custard/results/diversity/alpha_diversity.tsv, /home/sgomathi/CUSTARD/custard/results/diversity/beta_pcoa.png, /home/sgomathi/CUSTARD/custard/results/diversity/beta_diversity.tsv; Input files updated by another job: /home/sgomathi/CUSTARD/custard/results/asv_kraken2_taxonomy.tsv, /home/sgomathi/CUSTARD/custard/results/asv_table.tsv
    resources: tmpdir=/tmp

[Wed Aug 27 17:06:01 2025]
localrule taxonomy_barplot:
    input: /home/sgomathi/CUSTARD/custard/results/asv_table.tsv, /home/sgomathi/CUSTARD/custard/results/asv_kraken2_taxonomy.tsv, metadata.tsv
    output: /home/sgomathi/CUSTARD/custard/results/taxonomy/taxonomy_barplot.png
    jobid: 6
    reason: Missing output files: /home/sgomathi/CUSTARD/custard/results/taxonomy/taxonomy_barplot.png; Input files updated by another job: /home/sgomathi/CUSTARD/custard/results/asv_kraken2_taxonomy.tsv, /home/sgomathi/CUSTARD/custard/results/asv_table.tsv
    resources: tmpdir=/tmp

RuleException:
CalledProcessError in file "/home/sgomathi/CUSTARD/custard/Snakefile", line 142:
Command 'set -euo pipefail;  /home/sgomathi/miniconda3/envs/custard/bin/python3.12 /home/sgomathi/CUSTARD/custard/.snakemake/scripts/tmp_arlmrcc.diversity.py' returned non-zero exit status 1.
[Wed Aug 27 17:06:02 2025]
Error in rule diversity_metrics:
    message: None
    jobid: 4
    input: /home/sgomathi/CUSTARD/custard/results/asv_table.tsv, /home/sgomathi/CUSTARD/custard/results/asv_kraken2_taxonomy.tsv, metadata.tsv
    output: /home/sgomathi/CUSTARD/custard/results/diversity/alpha_diversity.tsv, /home/sgomathi/CUSTARD/custard/results/diversity/beta_diversity.tsv, /home/sgomathi/CUSTARD/custard/results/diversity/beta_pcoa.png
Removing output files of failed job diversity_metrics since they might be corrupted:
/home/sgomathi/CUSTARD/custard/results/diversity/alpha_diversity.tsv, /home/sgomathi/CUSTARD/custard/results/diversity/beta_diversity.tsv
[Wed Aug 27 17:06:03 2025]
Finished jobid: 6 (Rule: taxonomy_barplot)
3 of 8 steps (38%) done
Shutting down, this might take some time.
Exiting because a job execution failed. Look below for error messages
[Wed Aug 27 17:06:03 2025]
Error in rule diversity_metrics:
    message: None
    jobid: 4
    input: /home/sgomathi/CUSTARD/custard/results/asv_table.tsv, /home/sgomathi/CUSTARD/custard/results/asv_kraken2_taxonomy.tsv, metadata.tsv
    output: /home/sgomathi/CUSTARD/custard/results/diversity/alpha_diversity.tsv, /home/sgomathi/CUSTARD/custard/results/diversity/beta_diversity.tsv, /home/sgomathi/CUSTARD/custard/results/diversity/beta_pcoa.png
Complete log(s): /home/sgomathi/CUSTARD/custard/.snakemake/log/2025-08-27T164157.168607.snakemake.log
WorkflowError:
At least one job did not complete successfully.
