Assuming unrestricted shared filesystem usage.
None
host: moxie.uwyo.edu
Building DAG of jobs...
Using shell: /usr/bin/bash
Provided cores: 4
Rules claiming more threads will be scaled down.
Job stats:
job               count
--------------  -------
all                   1
dada2_taxonomy        1
total                 2

Select jobs to execute...
Execute 1 jobs...
[Fri May 30 14:14:31 2025]
localrule dada2_taxonomy:
    input: results/asv_sequences.fasta, results/seqtab.rds
    output: results/asv_dada2_taxonomy.tsv
    jobid: 2
    reason: Missing output files: results/asv_dada2_taxonomy.tsv
    resources: tmpdir=/tmp

[Fri May 30 14:27:45 2025]
Finished jobid: 2 (Rule: dada2_taxonomy)
1 of 2 steps (50%) done
Select jobs to execute...
Execute 1 jobs...
[Fri May 30 14:27:45 2025]
localrule all:
    input: results/asv_table.tsv, results/asv_sequences.fasta, results/asv_dada2_taxonomy.tsv
    jobid: 0
    reason: Input files updated by another job: results/asv_dada2_taxonomy.tsv
    resources: tmpdir=/tmp

[Fri May 30 14:27:45 2025]
Finished jobid: 0 (Rule: all)
2 of 2 steps (100%) done
Complete log(s): /home/sgomathi/CUSTARD/custard/.snakemake/log/2025-05-30T141430.984937.snakemake.log
